/home/runner/work/scalp_lab/scalp_lab/research_v434.py:27: DtypeWarning: Columns (0,1,2,3,4,5,6) have mixed types. Specify dtype option on import or set low_memory=False.
  for d in pd.read_csv(z.open(z.namelist()[0]),header=None,names=["id","price","qty","first","last","t","maker"],chunksize=500000):
OK BTCUSDT-aggTrades-2026-04.zip
/home/runner/work/scalp_lab/scalp_lab/research_v434.py:27: DtypeWarning: Columns (0,1,2,3,4,5,6) have mixed types. Specify dtype option on import or set low_memory=False.
  for d in pd.read_csv(z.open(z.namelist()[0]),header=None,names=["id","price","qty","first","last","t","maker"],chunksize=500000):
OK BTCUSDT-aggTrades-2026-05.zip
/home/runner/work/scalp_lab/scalp_lab/research_v434.py:27: DtypeWarning: Columns (0,1,2,3,4,5,6) have mixed types. Specify dtype option on import or set low_memory=False.
  for d in pd.read_csv(z.open(z.namelist()[0]),header=None,names=["id","price","qty","first","last","t","maker"],chunksize=500000):
OK BTCUSDT-aggTrades-2026-06.zip
/home/runner/work/scalp_lab/scalp_lab/research_v434.py:27: DtypeWarning: Columns (0,1,2,3,4,5,6) have mixed types. Specify dtype option on import or set low_memory=False.
  for d in pd.read_csv(z.open(z.namelist()[0]),header=None,names=["id","price","qty","first","last","t","maker"],chunksize=500000):
OK BTCUSDT-aggTrades-2026-07.zip
/home/runner/work/scalp_lab/scalp_lab/research_v434.py:27: DtypeWarning: Columns (0,1,2,3,4,5,6) have mixed types. Specify dtype option on import or set low_memory=False.
  for d in pd.read_csv(z.open(z.namelist()[0]),header=None,names=["id","price","qty","first","last","t","maker"],chunksize=500000):
OK BTCUSDT-aggTrades-2026-08.zip
/home/runner/work/scalp_lab/scalp_lab/research_v434.py:27: DtypeWarning: Columns (0,1,2,3,4,5,6) have mixed types. Specify dtype option on import or set low_memory=False.
  for d in pd.read_csv(z.open(z.namelist()[0]),header=None,names=["id","price","qty","first","last","t","maker"],chunksize=500000):
OK BTCUSDT-aggTrades-2026-09.zip
/home/runner/work/scalp_lab/scalp_lab/research_v434.py:27: DtypeWarning: Columns (0,1,2,3,4,5,6) have mixed types. Specify dtype option on import or set low_memory=False.
  for d in pd.read_csv(z.open(z.namelist()[0]),header=None,names=["id","price","qty","first","last","t","maker"],chunksize=500000):
OK BTCUSDT-aggTrades-2026-10-01.zip
/home/runner/work/scalp_lab/scalp_lab/research_v434.py:27: DtypeWarning: Columns (0,1,2,3,4,5,6) have mixed types. Specify dtype option on import or set low_memory=False.
  for d in pd.read_csv(z.open(z.namelist()[0]),header=None,names=["id","price","qty","first","last","t","maker"],chunksize=500000):
OK BTCUSDT-aggTrades-2026-10-02.zip
MISS BTCUSDT-aggTrades-2026-10-03.zip HTTPError
/home/runner/work/scalp_lab/scalp_lab/research_v434.py:27: DtypeWarning: Columns (0,1,2,3,4,5,6) have mixed types. Specify dtype option on import or set low_memory=False.
  for d in pd.read_csv(z.open(z.namelist()[0]),header=None,names=["id","price","qty","first","last","t","maker"],chunksize=500000):
OK ETHUSDT-aggTrades-2026-04.zip
/home/runner/work/scalp_lab/scalp_lab/research_v434.py:27: DtypeWarning: Columns (0,1,2,3,4,5,6) have mixed types. Specify dtype option on import or set low_memory=False.
  for d in pd.read_csv(z.open(z.namelist()[0]),header=None,names=["id","price","qty","first","last","t","maker"],chunksize=500000):
OK ETHUSDT-aggTrades-2026-05.zip
/home/runner/work/scalp_lab/scalp_lab/research_v434.py:27: DtypeWarning: Columns (0,1,2,3,4,5,6) have mixed types. Specify dtype option on import or set low_memory=False.
  for d in pd.read_csv(z.open(z.namelist()[0]),header=None,names=["id","price","qty","first","last","t","maker"],chunksize=500000):
OK ETHUSDT-aggTrades-2026-06.zip
/home/runner/work/scalp_lab/scalp_lab/research_v434.py:27: DtypeWarning: Columns (0,1,2,3,4,5,6) have mixed types. Specify dtype option on import or set low_memory=False.
  for d in pd.read_csv(z.open(z.namelist()[0]),header=None,names=["id","price","qty","first","last","t","maker"],chunksize=500000):
OK ETHUSDT-aggTrades-2026-07.zip
/home/runner/work/scalp_lab/scalp_lab/research_v434.py:27: DtypeWarning: Columns (0,1,2,3,4,5,6) have mixed types. Specify dtype option on import or set low_memory=False.
  for d in pd.read_csv(z.open(z.namelist()[0]),header=None,names=["id","price","qty","first","last","t","maker"],chunksize=500000):
OK ETHUSDT-aggTrades-2026-08.zip
/home/runner/work/scalp_lab/scalp_lab/research_v434.py:27: DtypeWarning: Columns (0,1,2,3,4,5,6) have mixed types. Specify dtype option on import or set low_memory=False.
  for d in pd.read_csv(z.open(z.namelist()[0]),header=None,names=["id","price","qty","first","last","t","maker"],chunksize=500000):
OK ETHUSDT-aggTrades-2026-09.zip
/home/runner/work/scalp_lab/scalp_lab/research_v434.py:27: DtypeWarning: Columns (0,1,2,3,4,5,6) have mixed types. Specify dtype option on import or set low_memory=False.
  for d in pd.read_csv(z.open(z.namelist()[0]),header=None,names=["id","price","qty","first","last","t","maker"],chunksize=500000):
OK ETHUSDT-aggTrades-2026-10-01.zip
/home/runner/work/scalp_lab/scalp_lab/research_v434.py:27: DtypeWarning: Columns (0,1,2,3,4,5,6) have mixed types. Specify dtype option on import or set low_memory=False.
  for d in pd.read_csv(z.open(z.namelist()[0]),header=None,names=["id","price","qty","first","last","t","maker"],chunksize=500000):
OK ETHUSDT-aggTrades-2026-10-02.zip
MISS ETHUSDT-aggTrades-2026-10-03.zip HTTPError
/home/runner/work/scalp_lab/scalp_lab/research_v434.py:27: DtypeWarning: Columns (0,1,2,3,4,5,6) have mixed types. Specify dtype option on import or set low_memory=False.
  for d in pd.read_csv(z.open(z.namelist()[0]),header=None,names=["id","price","qty","first","last","t","maker"],chunksize=500000):
OK SOLUSDT-aggTrades-2026-04.zip
/home/runner/work/scalp_lab/scalp_lab/research_v434.py:27: DtypeWarning: Columns (0,1,2,3,4,5,6) have mixed types. Specify dtype option on import or set low_memory=False.
  for d in pd.read_csv(z.open(z.namelist()[0]),header=None,names=["id","price","qty","first","last","t","maker"],chunksize=500000):
OK SOLUSDT-aggTrades-2026-05.zip
/home/runner/work/scalp_lab/scalp_lab/research_v434.py:27: DtypeWarning: Columns (0,1,2,3,4,5,6) have mixed types. Specify dtype option on import or set low_memory=False.
  for d in pd.read_csv(z.open(z.namelist()[0]),header=None,names=["id","price","qty","first","last","t","maker"],chunksize=500000):
OK SOLUSDT-aggTrades-2026-06.zip
/home/runner/work/scalp_lab/scalp_lab/research_v434.py:27: DtypeWarning: Columns (0,1,2,3,4,5,6) have mixed types. Specify dtype option on import or set low_memory=False.
  for d in pd.read_csv(z.open(z.namelist()[0]),header=None,names=["id","price","qty","first","last","t","maker"],chunksize=500000):
OK SOLUSDT-aggTrades-2026-07.zip
/home/runner/work/scalp_lab/scalp_lab/research_v434.py:27: DtypeWarning: Columns (0,1,2,3,4,5,6) have mixed types. Specify dtype option on import or set low_memory=False.
  for d in pd.read_csv(z.open(z.namelist()[0]),header=None,names=["id","price","qty","first","last","t","maker"],chunksize=500000):
OK SOLUSDT-aggTrades-2026-08.zip
/home/runner/work/scalp_lab/scalp_lab/research_v434.py:27: DtypeWarning: Columns (0,1,2,3,4,5,6) have mixed types. Specify dtype option on import or set low_memory=False.
  for d in pd.read_csv(z.open(z.namelist()[0]),header=None,names=["id","price","qty","first","last","t","maker"],chunksize=500000):
OK SOLUSDT-aggTrades-2026-09.zip
/home/runner/work/scalp_lab/scalp_lab/research_v434.py:27: DtypeWarning: Columns (0,1,2,3,4,5,6) have mixed types. Specify dtype option on import or set low_memory=False.
  for d in pd.read_csv(z.open(z.namelist()[0]),header=None,names=["id","price","qty","first","last","t","maker"],chunksize=500000):
OK SOLUSDT-aggTrades-2026-10-01.zip
/home/runner/work/scalp_lab/scalp_lab/research_v434.py:27: DtypeWarning: Columns (0,1,2,3,4,5,6) have mixed types. Specify dtype option on import or set low_memory=False.
  for d in pd.read_csv(z.open(z.namelist()[0]),header=None,names=["id","price","qty","first","last","t","maker"],chunksize=500000):
OK SOLUSDT-aggTrades-2026-10-02.zip
MISS SOLUSDT-aggTrades-2026-10-03.zip HTTPError
 symbol interval  threshold  horizon  train_total  test_mean  test_trades  test_total  holdout_mean  holdout_trades  holdout_total
BTCUSDT       5m        0.4        1    -3.174566  -0.001195         2369   -2.831158     -0.001188            1256      -1.491541
BTCUSDT      15m        0.4        1    -0.263826  -0.001200          204   -0.244897     -0.001357              96      -0.130241
ETHUSDT       5m        0.4        1    -2.470949  -0.001284         1719   -2.207716     -0.001352             788      -1.065754
ETHUSDT      15m        0.4        3    -0.145209  -0.001402          103   -0.144417     -0.001860              61      -0.113488
SOLUSDT       5m        0.4        1    -4.616588  -0.001617         2176   -3.518004     -0.001710             664      -1.135395
SOLUSDT      15m        0.4        6    -0.103965  -0.002018          123   -0.248185     -0.000693              20      -0.013860
