/home/runner/work/scalp_lab/scalp_lab/research_v437.py:27: DtypeWarning: Columns (0,1,2,3,4,5,6) have mixed types. Specify dtype option on import or set low_memory=False.
  for d in pd.read_csv(z.open(z.namelist()[0]),header=None,names=["id","price","qty","first","last","t","maker"],chunksize=500000):
OK BTCUSDT-aggTrades-2026-04.zip
/home/runner/work/scalp_lab/scalp_lab/research_v437.py:27: DtypeWarning: Columns (0,1,2,3,4,5,6) have mixed types. Specify dtype option on import or set low_memory=False.
  for d in pd.read_csv(z.open(z.namelist()[0]),header=None,names=["id","price","qty","first","last","t","maker"],chunksize=500000):
OK BTCUSDT-aggTrades-2026-05.zip
/home/runner/work/scalp_lab/scalp_lab/research_v437.py:27: DtypeWarning: Columns (0,1,2,3,4,5,6) have mixed types. Specify dtype option on import or set low_memory=False.
  for d in pd.read_csv(z.open(z.namelist()[0]),header=None,names=["id","price","qty","first","last","t","maker"],chunksize=500000):
OK BTCUSDT-aggTrades-2026-06.zip
/home/runner/work/scalp_lab/scalp_lab/research_v437.py:27: DtypeWarning: Columns (0,1,2,3,4,5,6) have mixed types. Specify dtype option on import or set low_memory=False.
  for d in pd.read_csv(z.open(z.namelist()[0]),header=None,names=["id","price","qty","first","last","t","maker"],chunksize=500000):
OK BTCUSDT-aggTrades-2026-07.zip
/home/runner/work/scalp_lab/scalp_lab/research_v437.py:27: DtypeWarning: Columns (0,1,2,3,4,5,6) have mixed types. Specify dtype option on import or set low_memory=False.
  for d in pd.read_csv(z.open(z.namelist()[0]),header=None,names=["id","price","qty","first","last","t","maker"],chunksize=500000):
OK BTCUSDT-aggTrades-2026-08.zip
/home/runner/work/scalp_lab/scalp_lab/research_v437.py:27: DtypeWarning: Columns (0,1,2,3,4,5,6) have mixed types. Specify dtype option on import or set low_memory=False.
  for d in pd.read_csv(z.open(z.namelist()[0]),header=None,names=["id","price","qty","first","last","t","maker"],chunksize=500000):
OK BTCUSDT-aggTrades-2026-09.zip
/home/runner/work/scalp_lab/scalp_lab/research_v437.py:27: DtypeWarning: Columns (0,1,2,3,4,5,6) have mixed types. Specify dtype option on import or set low_memory=False.
  for d in pd.read_csv(z.open(z.namelist()[0]),header=None,names=["id","price","qty","first","last","t","maker"],chunksize=500000):
OK BTCUSDT-aggTrades-2026-10-01.zip
/home/runner/work/scalp_lab/scalp_lab/research_v437.py:27: DtypeWarning: Columns (0,1,2,3,4,5,6) have mixed types. Specify dtype option on import or set low_memory=False.
  for d in pd.read_csv(z.open(z.namelist()[0]),header=None,names=["id","price","qty","first","last","t","maker"],chunksize=500000):
OK BTCUSDT-aggTrades-2026-10-02.zip
MISS BTCUSDT-aggTrades-2026-10-03.zip HTTPError
Traceback (most recent call last):
  File "/home/runner/work/scalp_lab/scalp_lab/research_v437.py", line 53, in <module>
    sc={(n,h):ev(tr,n,h,F[s])[2] for n in N for h in H}; n,h=max(sc,key=sc.get); a=ev(te,n,h,F[s]); b=ev(ho,n,h,F[s]); S.append([s,iv,n,h,sc[(n,h)],*a,*b])
                                          ^
NameError: name 'N' is not defined
