/home/runner/work/scalp_lab/scalp_lab/research_v438.py:27: DtypeWarning: Columns (0,1,2,3,4,5,6) have mixed types. Specify dtype option on import or set low_memory=False.
  for d in pd.read_csv(z.open(z.namelist()[0]),header=None,names=["id","price","qty","first","last","t","maker"],chunksize=500000):
OK BTCUSDT-aggTrades-2026-04.zip
/home/runner/work/scalp_lab/scalp_lab/research_v438.py:27: DtypeWarning: Columns (0,1,2,3,4,5,6) have mixed types. Specify dtype option on import or set low_memory=False.
  for d in pd.read_csv(z.open(z.namelist()[0]),header=None,names=["id","price","qty","first","last","t","maker"],chunksize=500000):
OK BTCUSDT-aggTrades-2026-05.zip
/home/runner/work/scalp_lab/scalp_lab/research_v438.py:27: DtypeWarning: Columns (0,1,2,3,4,5,6) have mixed types. Specify dtype option on import or set low_memory=False.
  for d in pd.read_csv(z.open(z.namelist()[0]),header=None,names=["id","price","qty","first","last","t","maker"],chunksize=500000):
OK BTCUSDT-aggTrades-2026-06.zip
/home/runner/work/scalp_lab/scalp_lab/research_v438.py:27: DtypeWarning: Columns (0,1,2,3,4,5,6) have mixed types. Specify dtype option on import or set low_memory=False.
  for d in pd.read_csv(z.open(z.namelist()[0]),header=None,names=["id","price","qty","first","last","t","maker"],chunksize=500000):
OK BTCUSDT-aggTrades-2026-07.zip
/home/runner/work/scalp_lab/scalp_lab/research_v438.py:27: DtypeWarning: Columns (0,1,2,3,4,5,6) have mixed types. Specify dtype option on import or set low_memory=False.
  for d in pd.read_csv(z.open(z.namelist()[0]),header=None,names=["id","price","qty","first","last","t","maker"],chunksize=500000):
OK BTCUSDT-aggTrades-2026-08.zip
/home/runner/work/scalp_lab/scalp_lab/research_v438.py:27: DtypeWarning: Columns (0,1,2,3,4,5,6) have mixed types. Specify dtype option on import or set low_memory=False.
  for d in pd.read_csv(z.open(z.namelist()[0]),header=None,names=["id","price","qty","first","last","t","maker"],chunksize=500000):
OK BTCUSDT-aggTrades-2026-09.zip
/home/runner/work/scalp_lab/scalp_lab/research_v438.py:27: DtypeWarning: Columns (0,1,2,3,4,5,6) have mixed types. Specify dtype option on import or set low_memory=False.
  for d in pd.read_csv(z.open(z.namelist()[0]),header=None,names=["id","price","qty","first","last","t","maker"],chunksize=500000):
OK BTCUSDT-aggTrades-2026-10-01.zip
/home/runner/work/scalp_lab/scalp_lab/research_v438.py:27: DtypeWarning: Columns (0,1,2,3,4,5,6) have mixed types. Specify dtype option on import or set low_memory=False.
  for d in pd.read_csv(z.open(z.namelist()[0]),header=None,names=["id","price","qty","first","last","t","maker"],chunksize=500000):
OK BTCUSDT-aggTrades-2026-10-02.zip
MISS BTCUSDT-aggTrades-2026-10-03.zip HTTPError
/home/runner/work/scalp_lab/scalp_lab/research_v438.py:27: DtypeWarning: Columns (0,1,2,3,4,5,6) have mixed types. Specify dtype option on import or set low_memory=False.
  for d in pd.read_csv(z.open(z.namelist()[0]),header=None,names=["id","price","qty","first","last","t","maker"],chunksize=500000):
OK ETHUSDT-aggTrades-2026-04.zip
/home/runner/work/scalp_lab/scalp_lab/research_v438.py:27: DtypeWarning: Columns (0,1,2,3,4,5,6) have mixed types. Specify dtype option on import or set low_memory=False.
  for d in pd.read_csv(z.open(z.namelist()[0]),header=None,names=["id","price","qty","first","last","t","maker"],chunksize=500000):
OK ETHUSDT-aggTrades-2026-05.zip
/home/runner/work/scalp_lab/scalp_lab/research_v438.py:27: DtypeWarning: Columns (0,1,2,3,4,5,6) have mixed types. Specify dtype option on import or set low_memory=False.
  for d in pd.read_csv(z.open(z.namelist()[0]),header=None,names=["id","price","qty","first","last","t","maker"],chunksize=500000):
OK ETHUSDT-aggTrades-2026-06.zip
/home/runner/work/scalp_lab/scalp_lab/research_v438.py:27: DtypeWarning: Columns (0,1,2,3,4,5,6) have mixed types. Specify dtype option on import or set low_memory=False.
  for d in pd.read_csv(z.open(z.namelist()[0]),header=None,names=["id","price","qty","first","last","t","maker"],chunksize=500000):
OK ETHUSDT-aggTrades-2026-07.zip
/home/runner/work/scalp_lab/scalp_lab/research_v438.py:27: DtypeWarning: Columns (0,1,2,3,4,5,6) have mixed types. Specify dtype option on import or set low_memory=False.
  for d in pd.read_csv(z.open(z.namelist()[0]),header=None,names=["id","price","qty","first","last","t","maker"],chunksize=500000):
OK ETHUSDT-aggTrades-2026-08.zip
/home/runner/work/scalp_lab/scalp_lab/research_v438.py:27: DtypeWarning: Columns (0,1,2,3,4,5,6) have mixed types. Specify dtype option on import or set low_memory=False.
  for d in pd.read_csv(z.open(z.namelist()[0]),header=None,names=["id","price","qty","first","last","t","maker"],chunksize=500000):
OK ETHUSDT-aggTrades-2026-09.zip
/home/runner/work/scalp_lab/scalp_lab/research_v438.py:27: DtypeWarning: Columns (0,1,2,3,4,5,6) have mixed types. Specify dtype option on import or set low_memory=False.
  for d in pd.read_csv(z.open(z.namelist()[0]),header=None,names=["id","price","qty","first","last","t","maker"],chunksize=500000):
OK ETHUSDT-aggTrades-2026-10-01.zip
/home/runner/work/scalp_lab/scalp_lab/research_v438.py:27: DtypeWarning: Columns (0,1,2,3,4,5,6) have mixed types. Specify dtype option on import or set low_memory=False.
  for d in pd.read_csv(z.open(z.namelist()[0]),header=None,names=["id","price","qty","first","last","t","maker"],chunksize=500000):
OK ETHUSDT-aggTrades-2026-10-02.zip
MISS ETHUSDT-aggTrades-2026-10-03.zip HTTPError
/home/runner/work/scalp_lab/scalp_lab/research_v438.py:27: DtypeWarning: Columns (0,1,2,3,4,5,6) have mixed types. Specify dtype option on import or set low_memory=False.
  for d in pd.read_csv(z.open(z.namelist()[0]),header=None,names=["id","price","qty","first","last","t","maker"],chunksize=500000):
OK SOLUSDT-aggTrades-2026-04.zip
/home/runner/work/scalp_lab/scalp_lab/research_v438.py:27: DtypeWarning: Columns (0,1,2,3,4,5,6) have mixed types. Specify dtype option on import or set low_memory=False.
  for d in pd.read_csv(z.open(z.namelist()[0]),header=None,names=["id","price","qty","first","last","t","maker"],chunksize=500000):
OK SOLUSDT-aggTrades-2026-05.zip
/home/runner/work/scalp_lab/scalp_lab/research_v438.py:27: DtypeWarning: Columns (0,1,2,3,4,5,6) have mixed types. Specify dtype option on import or set low_memory=False.
  for d in pd.read_csv(z.open(z.namelist()[0]),header=None,names=["id","price","qty","first","last","t","maker"],chunksize=500000):
OK SOLUSDT-aggTrades-2026-06.zip
/home/runner/work/scalp_lab/scalp_lab/research_v438.py:27: DtypeWarning: Columns (0,1,2,3,4,5,6) have mixed types. Specify dtype option on import or set low_memory=False.
  for d in pd.read_csv(z.open(z.namelist()[0]),header=None,names=["id","price","qty","first","last","t","maker"],chunksize=500000):
OK SOLUSDT-aggTrades-2026-07.zip
/home/runner/work/scalp_lab/scalp_lab/research_v438.py:27: DtypeWarning: Columns (0,1,2,3,4,5,6) have mixed types. Specify dtype option on import or set low_memory=False.
  for d in pd.read_csv(z.open(z.namelist()[0]),header=None,names=["id","price","qty","first","last","t","maker"],chunksize=500000):
OK SOLUSDT-aggTrades-2026-08.zip
/home/runner/work/scalp_lab/scalp_lab/research_v438.py:27: DtypeWarning: Columns (0,1,2,3,4,5,6) have mixed types. Specify dtype option on import or set low_memory=False.
  for d in pd.read_csv(z.open(z.namelist()[0]),header=None,names=["id","price","qty","first","last","t","maker"],chunksize=500000):
OK SOLUSDT-aggTrades-2026-09.zip
/home/runner/work/scalp_lab/scalp_lab/research_v438.py:27: DtypeWarning: Columns (0,1,2,3,4,5,6) have mixed types. Specify dtype option on import or set low_memory=False.
  for d in pd.read_csv(z.open(z.namelist()[0]),header=None,names=["id","price","qty","first","last","t","maker"],chunksize=500000):
OK SOLUSDT-aggTrades-2026-10-01.zip
/home/runner/work/scalp_lab/scalp_lab/research_v438.py:27: DtypeWarning: Columns (0,1,2,3,4,5,6) have mixed types. Specify dtype option on import or set low_memory=False.
  for d in pd.read_csv(z.open(z.namelist()[0]),header=None,names=["id","price","qty","first","last","t","maker"],chunksize=500000):
OK SOLUSDT-aggTrades-2026-10-02.zip
MISS SOLUSDT-aggTrades-2026-10-03.zip HTTPError
 symbol interval  lookback  horizon  atr  train_total  test_mean  test_trades  test_total  holdout_mean  holdout_trades  holdout_total
BTCUSDT       5m        48        1   24    -1.277788  -0.001260          670   -0.843938     -0.001232             354      -0.436274
BTCUSDT      15m        48        1   12    -0.430929  -0.001028          225   -0.231244     -0.001261             111      -0.139965
ETHUSDT       5m        48        3   24    -0.894648  -0.001388          532   -0.738678     -0.001055             274      -0.289025
ETHUSDT      15m        48        3   12    -0.303236  -0.000967          186   -0.179770     -0.002017              93      -0.187592
SOLUSDT       5m        48        1   24    -1.541158  -0.001650          586   -0.966624     -0.001598             286      -0.457125
SOLUSDT      15m        48        1   24    -0.429950  -0.001576          174   -0.274180     -0.001920              85      -0.163235
