/home/runner/work/scalp_lab/scalp_lab/research_v439.py:27: DtypeWarning: Columns (0,1,2,3,4,5,6) have mixed types. Specify dtype option on import or set low_memory=False.
  for d in pd.read_csv(z.open(z.namelist()[0]),header=None,names=["id","price","qty","first","last","t","maker"],chunksize=500000):
OK BTCUSDT-aggTrades-2026-04.zip
/home/runner/work/scalp_lab/scalp_lab/research_v439.py:27: DtypeWarning: Columns (0,1,2,3,4,5,6) have mixed types. Specify dtype option on import or set low_memory=False.
  for d in pd.read_csv(z.open(z.namelist()[0]),header=None,names=["id","price","qty","first","last","t","maker"],chunksize=500000):
OK BTCUSDT-aggTrades-2026-05.zip
/home/runner/work/scalp_lab/scalp_lab/research_v439.py:27: DtypeWarning: Columns (0,1,2,3,4,5,6) have mixed types. Specify dtype option on import or set low_memory=False.
  for d in pd.read_csv(z.open(z.namelist()[0]),header=None,names=["id","price","qty","first","last","t","maker"],chunksize=500000):
OK BTCUSDT-aggTrades-2026-06.zip
/home/runner/work/scalp_lab/scalp_lab/research_v439.py:27: DtypeWarning: Columns (0,1,2,3,4,5,6) have mixed types. Specify dtype option on import or set low_memory=False.
  for d in pd.read_csv(z.open(z.namelist()[0]),header=None,names=["id","price","qty","first","last","t","maker"],chunksize=500000):
OK BTCUSDT-aggTrades-2026-07.zip
/home/runner/work/scalp_lab/scalp_lab/research_v439.py:27: DtypeWarning: Columns (0,1,2,3,4,5,6) have mixed types. Specify dtype option on import or set low_memory=False.
  for d in pd.read_csv(z.open(z.namelist()[0]),header=None,names=["id","price","qty","first","last","t","maker"],chunksize=500000):
OK BTCUSDT-aggTrades-2026-08.zip
/home/runner/work/scalp_lab/scalp_lab/research_v439.py:27: DtypeWarning: Columns (0,1,2,3,4,5,6) have mixed types. Specify dtype option on import or set low_memory=False.
  for d in pd.read_csv(z.open(z.namelist()[0]),header=None,names=["id","price","qty","first","last","t","maker"],chunksize=500000):
OK BTCUSDT-aggTrades-2026-09.zip
/home/runner/work/scalp_lab/scalp_lab/research_v439.py:27: DtypeWarning: Columns (0,1,2,3,4,5,6) have mixed types. Specify dtype option on import or set low_memory=False.
  for d in pd.read_csv(z.open(z.namelist()[0]),header=None,names=["id","price","qty","first","last","t","maker"],chunksize=500000):
OK BTCUSDT-aggTrades-2026-10-01.zip
/home/runner/work/scalp_lab/scalp_lab/research_v439.py:27: DtypeWarning: Columns (0,1,2,3,4,5,6) have mixed types. Specify dtype option on import or set low_memory=False.
  for d in pd.read_csv(z.open(z.namelist()[0]),header=None,names=["id","price","qty","first","last","t","maker"],chunksize=500000):
OK BTCUSDT-aggTrades-2026-10-02.zip
MISS BTCUSDT-aggTrades-2026-10-03.zip HTTPError
/home/runner/work/scalp_lab/scalp_lab/research_v439.py:27: DtypeWarning: Columns (0,1,2,3,4,5,6) have mixed types. Specify dtype option on import or set low_memory=False.
  for d in pd.read_csv(z.open(z.namelist()[0]),header=None,names=["id","price","qty","first","last","t","maker"],chunksize=500000):
OK ETHUSDT-aggTrades-2026-04.zip
/home/runner/work/scalp_lab/scalp_lab/research_v439.py:27: DtypeWarning: Columns (0,1,2,3,4,5,6) have mixed types. Specify dtype option on import or set low_memory=False.
  for d in pd.read_csv(z.open(z.namelist()[0]),header=None,names=["id","price","qty","first","last","t","maker"],chunksize=500000):
OK ETHUSDT-aggTrades-2026-05.zip
/home/runner/work/scalp_lab/scalp_lab/research_v439.py:27: DtypeWarning: Columns (0,1,2,3,4,5,6) have mixed types. Specify dtype option on import or set low_memory=False.
  for d in pd.read_csv(z.open(z.namelist()[0]),header=None,names=["id","price","qty","first","last","t","maker"],chunksize=500000):
OK ETHUSDT-aggTrades-2026-06.zip
/home/runner/work/scalp_lab/scalp_lab/research_v439.py:27: DtypeWarning: Columns (0,1,2,3,4,5,6) have mixed types. Specify dtype option on import or set low_memory=False.
  for d in pd.read_csv(z.open(z.namelist()[0]),header=None,names=["id","price","qty","first","last","t","maker"],chunksize=500000):
OK ETHUSDT-aggTrades-2026-07.zip
/home/runner/work/scalp_lab/scalp_lab/research_v439.py:27: DtypeWarning: Columns (0,1,2,3,4,5,6) have mixed types. Specify dtype option on import or set low_memory=False.
  for d in pd.read_csv(z.open(z.namelist()[0]),header=None,names=["id","price","qty","first","last","t","maker"],chunksize=500000):
OK ETHUSDT-aggTrades-2026-08.zip
/home/runner/work/scalp_lab/scalp_lab/research_v439.py:27: DtypeWarning: Columns (0,1,2,3,4,5,6) have mixed types. Specify dtype option on import or set low_memory=False.
  for d in pd.read_csv(z.open(z.namelist()[0]),header=None,names=["id","price","qty","first","last","t","maker"],chunksize=500000):
OK ETHUSDT-aggTrades-2026-09.zip
/home/runner/work/scalp_lab/scalp_lab/research_v439.py:27: DtypeWarning: Columns (0,1,2,3,4,5,6) have mixed types. Specify dtype option on import or set low_memory=False.
  for d in pd.read_csv(z.open(z.namelist()[0]),header=None,names=["id","price","qty","first","last","t","maker"],chunksize=500000):
OK ETHUSDT-aggTrades-2026-10-01.zip
/home/runner/work/scalp_lab/scalp_lab/research_v439.py:27: DtypeWarning: Columns (0,1,2,3,4,5,6) have mixed types. Specify dtype option on import or set low_memory=False.
  for d in pd.read_csv(z.open(z.namelist()[0]),header=None,names=["id","price","qty","first","last","t","maker"],chunksize=500000):
OK ETHUSDT-aggTrades-2026-10-02.zip
MISS ETHUSDT-aggTrades-2026-10-03.zip HTTPError
/home/runner/work/scalp_lab/scalp_lab/research_v439.py:27: DtypeWarning: Columns (0,1,2,3,4,5,6) have mixed types. Specify dtype option on import or set low_memory=False.
  for d in pd.read_csv(z.open(z.namelist()[0]),header=None,names=["id","price","qty","first","last","t","maker"],chunksize=500000):
OK SOLUSDT-aggTrades-2026-04.zip
/home/runner/work/scalp_lab/scalp_lab/research_v439.py:27: DtypeWarning: Columns (0,1,2,3,4,5,6) have mixed types. Specify dtype option on import or set low_memory=False.
  for d in pd.read_csv(z.open(z.namelist()[0]),header=None,names=["id","price","qty","first","last","t","maker"],chunksize=500000):
OK SOLUSDT-aggTrades-2026-05.zip
/home/runner/work/scalp_lab/scalp_lab/research_v439.py:27: DtypeWarning: Columns (0,1,2,3,4,5,6) have mixed types. Specify dtype option on import or set low_memory=False.
  for d in pd.read_csv(z.open(z.namelist()[0]),header=None,names=["id","price","qty","first","last","t","maker"],chunksize=500000):
OK SOLUSDT-aggTrades-2026-06.zip
/home/runner/work/scalp_lab/scalp_lab/research_v439.py:27: DtypeWarning: Columns (0,1,2,3,4,5,6) have mixed types. Specify dtype option on import or set low_memory=False.
  for d in pd.read_csv(z.open(z.namelist()[0]),header=None,names=["id","price","qty","first","last","t","maker"],chunksize=500000):
OK SOLUSDT-aggTrades-2026-07.zip
/home/runner/work/scalp_lab/scalp_lab/research_v439.py:27: DtypeWarning: Columns (0,1,2,3,4,5,6) have mixed types. Specify dtype option on import or set low_memory=False.
  for d in pd.read_csv(z.open(z.namelist()[0]),header=None,names=["id","price","qty","first","last","t","maker"],chunksize=500000):
OK SOLUSDT-aggTrades-2026-08.zip
/home/runner/work/scalp_lab/scalp_lab/research_v439.py:27: DtypeWarning: Columns (0,1,2,3,4,5,6) have mixed types. Specify dtype option on import or set low_memory=False.
  for d in pd.read_csv(z.open(z.namelist()[0]),header=None,names=["id","price","qty","first","last","t","maker"],chunksize=500000):
OK SOLUSDT-aggTrades-2026-09.zip
/home/runner/work/scalp_lab/scalp_lab/research_v439.py:27: DtypeWarning: Columns (0,1,2,3,4,5,6) have mixed types. Specify dtype option on import or set low_memory=False.
  for d in pd.read_csv(z.open(z.namelist()[0]),header=None,names=["id","price","qty","first","last","t","maker"],chunksize=500000):
OK SOLUSDT-aggTrades-2026-10-01.zip
/home/runner/work/scalp_lab/scalp_lab/research_v439.py:27: DtypeWarning: Columns (0,1,2,3,4,5,6) have mixed types. Specify dtype option on import or set low_memory=False.
  for d in pd.read_csv(z.open(z.namelist()[0]),header=None,names=["id","price","qty","first","last","t","maker"],chunksize=500000):
OK SOLUSDT-aggTrades-2026-10-02.zip
MISS SOLUSDT-aggTrades-2026-10-03.zip HTTPError
 symbol interval  lookback  horizon  train_total  test_mean  test_trades  test_total  holdout_mean  holdout_trades  holdout_total
BTCUSDT       5m        12        1   -12.314266  -0.001223         6877   -8.411201     -0.001240            3494      -4.330944
BTCUSDT      15m        12        1    -4.076891  -0.001194         2300   -2.745598     -0.001236            1157      -1.429761
ETHUSDT       5m        12        6   -12.804747  -0.001317         6614   -8.709386     -0.001584            3391      -5.371483
ETHUSDT      15m        12        3    -4.281094  -0.001243         2218   -2.756256     -0.001455            1149      -1.671906
SOLUSDT       5m        12        1   -16.180279  -0.001639         6835  -11.203916     -0.001677            3360      -5.633171
SOLUSDT      15m        12        1    -5.238217  -0.001599         2210   -3.534635     -0.001731            1143      -1.978325
