MISS BTCUSDT-aggTrades-2026-10-03.zip HTTPError
MISS ETHUSDT-aggTrades-2026-10-03.zip HTTPError
MISS SOLUSDT-aggTrades-2026-10-03.zip HTTPError
 symbol  period   cost  mean_trade  trades     total
BTCUSDT    TEST 0.0012   -0.000053     150 -0.008005
BTCUSDT    TEST 0.0016   -0.000453     150 -0.068005
BTCUSDT    TEST 0.0020   -0.000853     150 -0.128005
BTCUSDT    TEST 0.0024   -0.001253     150 -0.188005
BTCUSDT HOLDOUT 0.0012   -0.000155      80 -0.012383
BTCUSDT HOLDOUT 0.0016   -0.000555      80 -0.044383
BTCUSDT HOLDOUT 0.0020   -0.000955      80 -0.076383
BTCUSDT HOLDOUT 0.0024   -0.001355      80 -0.108383
ETHUSDT    TEST 0.0012   -0.000190     155 -0.029418
ETHUSDT    TEST 0.0016   -0.000590     155 -0.091418
ETHUSDT    TEST 0.0020   -0.000990     155 -0.153418
ETHUSDT    TEST 0.0024   -0.001390     155 -0.215418
ETHUSDT HOLDOUT 0.0012   -0.001073      82 -0.088011
ETHUSDT HOLDOUT 0.0016   -0.001473      82 -0.120811
ETHUSDT HOLDOUT 0.0020   -0.001873      82 -0.153611
ETHUSDT HOLDOUT 0.0024   -0.002273      82 -0.186411
SOLUSDT    TEST 0.0012    0.000011     155  0.001704
SOLUSDT    TEST 0.0016   -0.000389     155 -0.060296
SOLUSDT    TEST 0.0020   -0.000789     155 -0.122296
SOLUSDT    TEST 0.0024   -0.001189     155 -0.184296
SOLUSDT HOLDOUT 0.0012    0.000162      78  0.012638
SOLUSDT HOLDOUT 0.0016   -0.000238      78 -0.018562
SOLUSDT HOLDOUT 0.0020   -0.000638      78 -0.049762
SOLUSDT HOLDOUT 0.0024   -0.001038      78 -0.080962
