MISS BTCUSDT-aggTrades-2026-10-03.zip HTTPError
MISS ETHUSDT-aggTrades-2026-10-03.zip HTTPError
MISS SOLUSDT-aggTrades-2026-10-03.zip HTTPError
 symbol  period   cost  mean_trade  trades     total
BTCUSDT    TEST 0.0012    0.000180      82  0.014737
BTCUSDT    TEST 0.0016   -0.000220      82 -0.018063
BTCUSDT    TEST 0.0020   -0.000620      82 -0.050863
BTCUSDT    TEST 0.0024   -0.001020      82 -0.083663
BTCUSDT HOLDOUT 0.0012   -0.000947      45 -0.042634
BTCUSDT HOLDOUT 0.0016   -0.001347      45 -0.060634
BTCUSDT HOLDOUT 0.0020   -0.001747      45 -0.078634
BTCUSDT HOLDOUT 0.0024   -0.002147      45 -0.096634
ETHUSDT    TEST 0.0012    0.000525      83  0.043552
ETHUSDT    TEST 0.0016    0.000125      83  0.010352
ETHUSDT    TEST 0.0020   -0.000275      83 -0.022848
ETHUSDT    TEST 0.0024   -0.000675      83 -0.056048
ETHUSDT HOLDOUT 0.0012   -0.000538      46 -0.024731
ETHUSDT HOLDOUT 0.0016   -0.000938      46 -0.043131
ETHUSDT HOLDOUT 0.0020   -0.001338      46 -0.061531
ETHUSDT HOLDOUT 0.0024   -0.001738      46 -0.079931
SOLUSDT    TEST 0.0012    0.001840      87  0.160059
SOLUSDT    TEST 0.0016    0.001440      87  0.125259
SOLUSDT    TEST 0.0020    0.001040      87  0.090459
SOLUSDT    TEST 0.0024    0.000640      87  0.055659
SOLUSDT HOLDOUT 0.0012   -0.000382      39 -0.014902
SOLUSDT HOLDOUT 0.0016   -0.000782      39 -0.030502
SOLUSDT HOLDOUT 0.0020   -0.001182      39 -0.046102
SOLUSDT HOLDOUT 0.0024   -0.001582      39 -0.061702
