/home/runner/work/scalp_lab/scalp_lab/research_v452.py:13: DtypeWarning: Columns (0,1,2,3,4,5,6) have mixed types. Specify dtype option on import or set low_memory=False.
  for x in pd.read_csv(z.open(z.namelist()[0]),header=None,names=["i","p","q","a","b","t","m"],chunksize=500000):
/home/runner/work/scalp_lab/scalp_lab/research_v452.py:13: DtypeWarning: Columns (0,1,2,3,4,5,6) have mixed types. Specify dtype option on import or set low_memory=False.
  for x in pd.read_csv(z.open(z.namelist()[0]),header=None,names=["i","p","q","a","b","t","m"],chunksize=500000):
/home/runner/work/scalp_lab/scalp_lab/research_v452.py:13: DtypeWarning: Columns (0,1,2,3,4,5,6) have mixed types. Specify dtype option on import or set low_memory=False.
  for x in pd.read_csv(z.open(z.namelist()[0]),header=None,names=["i","p","q","a","b","t","m"],chunksize=500000):
/home/runner/work/scalp_lab/scalp_lab/research_v452.py:13: DtypeWarning: Columns (0,1,2,3,4,5,6) have mixed types. Specify dtype option on import or set low_memory=False.
  for x in pd.read_csv(z.open(z.namelist()[0]),header=None,names=["i","p","q","a","b","t","m"],chunksize=500000):
/home/runner/work/scalp_lab/scalp_lab/research_v452.py:13: DtypeWarning: Columns (0,1,2,3,4,5,6) have mixed types. Specify dtype option on import or set low_memory=False.
  for x in pd.read_csv(z.open(z.namelist()[0]),header=None,names=["i","p","q","a","b","t","m"],chunksize=500000):
/home/runner/work/scalp_lab/scalp_lab/research_v452.py:13: DtypeWarning: Columns (0,1,2,3,4,5,6) have mixed types. Specify dtype option on import or set low_memory=False.
  for x in pd.read_csv(z.open(z.namelist()[0]),header=None,names=["i","p","q","a","b","t","m"],chunksize=500000):
/home/runner/work/scalp_lab/scalp_lab/research_v452.py:13: DtypeWarning: Columns (0,1,2,3,4,5,6) have mixed types. Specify dtype option on import or set low_memory=False.
  for x in pd.read_csv(z.open(z.namelist()[0]),header=None,names=["i","p","q","a","b","t","m"],chunksize=500000):
/home/runner/work/scalp_lab/scalp_lab/research_v452.py:13: DtypeWarning: Columns (0,1,2,3,4,5,6) have mixed types. Specify dtype option on import or set low_memory=False.
  for x in pd.read_csv(z.open(z.namelist()[0]),header=None,names=["i","p","q","a","b","t","m"],chunksize=500000):
/home/runner/work/scalp_lab/scalp_lab/research_v452.py:13: DtypeWarning: Columns (0,1,2,3,4,5,6) have mixed types. Specify dtype option on import or set low_memory=False.
  for x in pd.read_csv(z.open(z.namelist()[0]),header=None,names=["i","p","q","a","b","t","m"],chunksize=500000):
/home/runner/work/scalp_lab/scalp_lab/research_v452.py:13: DtypeWarning: Columns (0,1,2,3,4,5,6) have mixed types. Specify dtype option on import or set low_memory=False.
  for x in pd.read_csv(z.open(z.namelist()[0]),header=None,names=["i","p","q","a","b","t","m"],chunksize=500000):
/home/runner/work/scalp_lab/scalp_lab/research_v452.py:13: DtypeWarning: Columns (0,1,2,3,4,5,6) have mixed types. Specify dtype option on import or set low_memory=False.
  for x in pd.read_csv(z.open(z.namelist()[0]),header=None,names=["i","p","q","a","b","t","m"],chunksize=500000):
/home/runner/work/scalp_lab/scalp_lab/research_v452.py:13: DtypeWarning: Columns (0,1,2,3,4,5,6) have mixed types. Specify dtype option on import or set low_memory=False.
  for x in pd.read_csv(z.open(z.namelist()[0]),header=None,names=["i","p","q","a","b","t","m"],chunksize=500000):
/home/runner/work/scalp_lab/scalp_lab/research_v452.py:13: DtypeWarning: Columns (0,1,2,3,4,5,6) have mixed types. Specify dtype option on import or set low_memory=False.
  for x in pd.read_csv(z.open(z.namelist()[0]),header=None,names=["i","p","q","a","b","t","m"],chunksize=500000):
/home/runner/work/scalp_lab/scalp_lab/research_v452.py:13: DtypeWarning: Columns (0,1,2,3,4,5,6) have mixed types. Specify dtype option on import or set low_memory=False.
  for x in pd.read_csv(z.open(z.namelist()[0]),header=None,names=["i","p","q","a","b","t","m"],chunksize=500000):
/home/runner/work/scalp_lab/scalp_lab/research_v452.py:13: DtypeWarning: Columns (0,1,2,3,4,5,6) have mixed types. Specify dtype option on import or set low_memory=False.
  for x in pd.read_csv(z.open(z.namelist()[0]),header=None,names=["i","p","q","a","b","t","m"],chunksize=500000):
/home/runner/work/scalp_lab/scalp_lab/research_v452.py:13: DtypeWarning: Columns (0,1,2,3,4,5,6) have mixed types. Specify dtype option on import or set low_memory=False.
  for x in pd.read_csv(z.open(z.namelist()[0]),header=None,names=["i","p","q","a","b","t","m"],chunksize=500000):
/home/runner/work/scalp_lab/scalp_lab/research_v452.py:13: DtypeWarning: Columns (0,1,2,3,4,5,6) have mixed types. Specify dtype option on import or set low_memory=False.
  for x in pd.read_csv(z.open(z.namelist()[0]),header=None,names=["i","p","q","a","b","t","m"],chunksize=500000):
/home/runner/work/scalp_lab/scalp_lab/research_v452.py:13: DtypeWarning: Columns (0,1,2,3,4,5,6) have mixed types. Specify dtype option on import or set low_memory=False.
  for x in pd.read_csv(z.open(z.namelist()[0]),header=None,names=["i","p","q","a","b","t","m"],chunksize=500000):
/home/runner/work/scalp_lab/scalp_lab/research_v452.py:13: DtypeWarning: Columns (0,1,2,3,4,5,6) have mixed types. Specify dtype option on import or set low_memory=False.
  for x in pd.read_csv(z.open(z.namelist()[0]),header=None,names=["i","p","q","a","b","t","m"],chunksize=500000):
/home/runner/work/scalp_lab/scalp_lab/research_v452.py:13: DtypeWarning: Columns (0,1,2,3,4,5,6) have mixed types. Specify dtype option on import or set low_memory=False.
  for x in pd.read_csv(z.open(z.namelist()[0]),header=None,names=["i","p","q","a","b","t","m"],chunksize=500000):
/home/runner/work/scalp_lab/scalp_lab/research_v452.py:13: DtypeWarning: Columns (0,1,2,3,4,5,6) have mixed types. Specify dtype option on import or set low_memory=False.
  for x in pd.read_csv(z.open(z.namelist()[0]),header=None,names=["i","p","q","a","b","t","m"],chunksize=500000):
/home/runner/work/scalp_lab/scalp_lab/research_v452.py:13: DtypeWarning: Columns (0,1,2,3,4,5,6) have mixed types. Specify dtype option on import or set low_memory=False.
  for x in pd.read_csv(z.open(z.namelist()[0]),header=None,names=["i","p","q","a","b","t","m"],chunksize=500000):
/home/runner/work/scalp_lab/scalp_lab/research_v452.py:13: DtypeWarning: Columns (0,1,2,3,4,5,6) have mixed types. Specify dtype option on import or set low_memory=False.
  for x in pd.read_csv(z.open(z.namelist()[0]),header=None,names=["i","p","q","a","b","t","m"],chunksize=500000):
/home/runner/work/scalp_lab/scalp_lab/research_v452.py:13: DtypeWarning: Columns (0,1,2,3,4,5,6) have mixed types. Specify dtype option on import or set low_memory=False.
  for x in pd.read_csv(z.open(z.namelist()[0]),header=None,names=["i","p","q","a","b","t","m"],chunksize=500000):
 symbol  n  rsi_window  z  horizon  train_total  test_mean  test_trades  test_total  holdout_mean  holdout_trades  holdout_total
BTCUSDT 24          20  1       24    -0.001983  -0.000022          174   -0.003823     -0.000645              84      -0.054162
ETHUSDT 48          20  1       36    -0.030384  -0.001205           93   -0.112077     -0.001764              51      -0.089945
SOLUSDT 96          20  2       36     0.079338  -0.002137           66   -0.141015     -0.008788              31      -0.272439
