/home/runner/work/scalp_lab/scalp_lab/research_v453.py:13: DtypeWarning: Columns (0,1,2,3,4,5,6) have mixed types. Specify dtype option on import or set low_memory=False.
  for x in pd.read_csv(z.open(z.namelist()[0]),header=None,names=["i","p","q","a","b","t","m"],chunksize=500000):
/home/runner/work/scalp_lab/scalp_lab/research_v453.py:13: DtypeWarning: Columns (0,1,2,3,4,5,6) have mixed types. Specify dtype option on import or set low_memory=False.
  for x in pd.read_csv(z.open(z.namelist()[0]),header=None,names=["i","p","q","a","b","t","m"],chunksize=500000):
/home/runner/work/scalp_lab/scalp_lab/research_v453.py:13: DtypeWarning: Columns (0,1,2,3,4,5,6) have mixed types. Specify dtype option on import or set low_memory=False.
  for x in pd.read_csv(z.open(z.namelist()[0]),header=None,names=["i","p","q","a","b","t","m"],chunksize=500000):
/home/runner/work/scalp_lab/scalp_lab/research_v453.py:13: DtypeWarning: Columns (0,1,2,3,4,5,6) have mixed types. Specify dtype option on import or set low_memory=False.
  for x in pd.read_csv(z.open(z.namelist()[0]),header=None,names=["i","p","q","a","b","t","m"],chunksize=500000):
/home/runner/work/scalp_lab/scalp_lab/research_v453.py:13: DtypeWarning: Columns (0,1,2,3,4,5,6) have mixed types. Specify dtype option on import or set low_memory=False.
  for x in pd.read_csv(z.open(z.namelist()[0]),header=None,names=["i","p","q","a","b","t","m"],chunksize=500000):
/home/runner/work/scalp_lab/scalp_lab/research_v453.py:13: DtypeWarning: Columns (0,1,2,3,4,5,6) have mixed types. Specify dtype option on import or set low_memory=False.
  for x in pd.read_csv(z.open(z.namelist()[0]),header=None,names=["i","p","q","a","b","t","m"],chunksize=500000):
/home/runner/work/scalp_lab/scalp_lab/research_v453.py:13: DtypeWarning: Columns (0,1,2,3,4,5,6) have mixed types. Specify dtype option on import or set low_memory=False.
  for x in pd.read_csv(z.open(z.namelist()[0]),header=None,names=["i","p","q","a","b","t","m"],chunksize=500000):
/home/runner/work/scalp_lab/scalp_lab/research_v453.py:13: DtypeWarning: Columns (0,1,2,3,4,5,6) have mixed types. Specify dtype option on import or set low_memory=False.
  for x in pd.read_csv(z.open(z.namelist()[0]),header=None,names=["i","p","q","a","b","t","m"],chunksize=500000):
MISS SOLUSDT-aggTrades-2026-10-03.zip HTTPError
  month  net_total  trades      mean
2026-04  -0.137243      73 -0.001880
2026-05   0.032698      78  0.000419
2026-06   0.205834      74  0.002782
2026-07  -0.090133      76 -0.001186
2026-08   0.028129      78  0.000361
2026-09   0.013337      73  0.000183
2026-10  -0.023298       5 -0.004660
