/home/runner/work/scalp_lab/scalp_lab/research_v455.py:13: DtypeWarning: Columns (0,1,2,3,4,5,6) have mixed types. Specify dtype option on import or set low_memory=False.
  for x in pd.read_csv(z.open(z.namelist()[0]),header=None,names=["i","p","q","a","b","t","m"],chunksize=500000):
/home/runner/work/scalp_lab/scalp_lab/research_v455.py:13: DtypeWarning: Columns (0,1,2,3,4,5,6) have mixed types. Specify dtype option on import or set low_memory=False.
  for x in pd.read_csv(z.open(z.namelist()[0]),header=None,names=["i","p","q","a","b","t","m"],chunksize=500000):
/home/runner/work/scalp_lab/scalp_lab/research_v455.py:13: DtypeWarning: Columns (0,1,2,3,4,5,6) have mixed types. Specify dtype option on import or set low_memory=False.
  for x in pd.read_csv(z.open(z.namelist()[0]),header=None,names=["i","p","q","a","b","t","m"],chunksize=500000):
/home/runner/work/scalp_lab/scalp_lab/research_v455.py:13: DtypeWarning: Columns (0,1,2,3,4,5,6) have mixed types. Specify dtype option on import or set low_memory=False.
  for x in pd.read_csv(z.open(z.namelist()[0]),header=None,names=["i","p","q","a","b","t","m"],chunksize=500000):
/home/runner/work/scalp_lab/scalp_lab/research_v455.py:13: DtypeWarning: Columns (0,1,2,3,4,5,6) have mixed types. Specify dtype option on import or set low_memory=False.
  for x in pd.read_csv(z.open(z.namelist()[0]),header=None,names=["i","p","q","a","b","t","m"],chunksize=500000):
/home/runner/work/scalp_lab/scalp_lab/research_v455.py:13: DtypeWarning: Columns (0,1,2,3,4,5,6) have mixed types. Specify dtype option on import or set low_memory=False.
  for x in pd.read_csv(z.open(z.namelist()[0]),header=None,names=["i","p","q","a","b","t","m"],chunksize=500000):
/home/runner/work/scalp_lab/scalp_lab/research_v455.py:13: DtypeWarning: Columns (0,1,2,3,4,5,6) have mixed types. Specify dtype option on import or set low_memory=False.
  for x in pd.read_csv(z.open(z.namelist()[0]),header=None,names=["i","p","q","a","b","t","m"],chunksize=500000):
/home/runner/work/scalp_lab/scalp_lab/research_v455.py:13: DtypeWarning: Columns (0,1,2,3,4,5,6) have mixed types. Specify dtype option on import or set low_memory=False.
  for x in pd.read_csv(z.open(z.namelist()[0]),header=None,names=["i","p","q","a","b","t","m"],chunksize=500000):
/home/runner/work/scalp_lab/scalp_lab/research_v455.py:13: DtypeWarning: Columns (0,1,2,3,4,5,6) have mixed types. Specify dtype option on import or set low_memory=False.
  for x in pd.read_csv(z.open(z.namelist()[0]),header=None,names=["i","p","q","a","b","t","m"],chunksize=500000):
/home/runner/work/scalp_lab/scalp_lab/research_v455.py:13: DtypeWarning: Columns (0,1,2,3,4,5,6) have mixed types. Specify dtype option on import or set low_memory=False.
  for x in pd.read_csv(z.open(z.namelist()[0]),header=None,names=["i","p","q","a","b","t","m"],chunksize=500000):
/home/runner/work/scalp_lab/scalp_lab/research_v455.py:13: DtypeWarning: Columns (0,1,2,3,4,5,6) have mixed types. Specify dtype option on import or set low_memory=False.
  for x in pd.read_csv(z.open(z.namelist()[0]),header=None,names=["i","p","q","a","b","t","m"],chunksize=500000):
/home/runner/work/scalp_lab/scalp_lab/research_v455.py:13: DtypeWarning: Columns (0,1,2,3,4,5,6) have mixed types. Specify dtype option on import or set low_memory=False.
  for x in pd.read_csv(z.open(z.namelist()[0]),header=None,names=["i","p","q","a","b","t","m"],chunksize=500000):
/home/runner/work/scalp_lab/scalp_lab/research_v455.py:13: DtypeWarning: Columns (0,1,2,3,4,5,6) have mixed types. Specify dtype option on import or set low_memory=False.
  for x in pd.read_csv(z.open(z.namelist()[0]),header=None,names=["i","p","q","a","b","t","m"],chunksize=500000):
/home/runner/work/scalp_lab/scalp_lab/research_v455.py:13: DtypeWarning: Columns (0,1,2,3,4,5,6) have mixed types. Specify dtype option on import or set low_memory=False.
  for x in pd.read_csv(z.open(z.namelist()[0]),header=None,names=["i","p","q","a","b","t","m"],chunksize=500000):
MISS SOLUSDT-aggTrades-2026-10-03.zip HTTPError
 spread_min  net_total  trades      mean
      0.001  -0.832377     675 -0.001233
      0.002   0.065478     633  0.000103
      0.003  -0.116784     571 -0.000205
      0.005  -1.090793     470 -0.002321
