/home/runner/work/scalp_lab/scalp_lab/research_v456.py:13: DtypeWarning: Columns (0,1,2,3,4,5,6) have mixed types. Specify dtype option on import or set low_memory=False.
  for x in pd.read_csv(z.open(z.namelist()[0]),header=None,names=["i","p","q","a","b","t","m"],chunksize=500000):
/home/runner/work/scalp_lab/scalp_lab/research_v456.py:13: DtypeWarning: Columns (0,1,2,3,4,5,6) have mixed types. Specify dtype option on import or set low_memory=False.
  for x in pd.read_csv(z.open(z.namelist()[0]),header=None,names=["i","p","q","a","b","t","m"],chunksize=500000):
/home/runner/work/scalp_lab/scalp_lab/research_v456.py:13: DtypeWarning: Columns (0,1,2,3,4,5,6) have mixed types. Specify dtype option on import or set low_memory=False.
  for x in pd.read_csv(z.open(z.namelist()[0]),header=None,names=["i","p","q","a","b","t","m"],chunksize=500000):
/home/runner/work/scalp_lab/scalp_lab/research_v456.py:13: DtypeWarning: Columns (0,1,2,3,4,5,6) have mixed types. Specify dtype option on import or set low_memory=False.
  for x in pd.read_csv(z.open(z.namelist()[0]),header=None,names=["i","p","q","a","b","t","m"],chunksize=500000):
/home/runner/work/scalp_lab/scalp_lab/research_v456.py:13: DtypeWarning: Columns (0,1,2,3,4,5,6) have mixed types. Specify dtype option on import or set low_memory=False.
  for x in pd.read_csv(z.open(z.namelist()[0]),header=None,names=["i","p","q","a","b","t","m"],chunksize=500000):
/home/runner/work/scalp_lab/scalp_lab/research_v456.py:13: DtypeWarning: Columns (0,1,2,3,4,5,6) have mixed types. Specify dtype option on import or set low_memory=False.
  for x in pd.read_csv(z.open(z.namelist()[0]),header=None,names=["i","p","q","a","b","t","m"],chunksize=500000):
/home/runner/work/scalp_lab/scalp_lab/research_v456.py:13: DtypeWarning: Columns (0,1,2,3,4,5,6) have mixed types. Specify dtype option on import or set low_memory=False.
  for x in pd.read_csv(z.open(z.namelist()[0]),header=None,names=["i","p","q","a","b","t","m"],chunksize=500000):
/home/runner/work/scalp_lab/scalp_lab/research_v456.py:13: DtypeWarning: Columns (0,1,2,3,4,5,6) have mixed types. Specify dtype option on import or set low_memory=False.
  for x in pd.read_csv(z.open(z.namelist()[0]),header=None,names=["i","p","q","a","b","t","m"],chunksize=500000):
/home/runner/work/scalp_lab/scalp_lab/research_v456.py:13: DtypeWarning: Columns (0,1,2,3,4,5,6) have mixed types. Specify dtype option on import or set low_memory=False.
  for x in pd.read_csv(z.open(z.namelist()[0]),header=None,names=["i","p","q","a","b","t","m"],chunksize=500000):
/home/runner/work/scalp_lab/scalp_lab/research_v456.py:13: DtypeWarning: Columns (0,1,2,3,4,5,6) have mixed types. Specify dtype option on import or set low_memory=False.
  for x in pd.read_csv(z.open(z.namelist()[0]),header=None,names=["i","p","q","a","b","t","m"],chunksize=500000):
/home/runner/work/scalp_lab/scalp_lab/research_v456.py:13: DtypeWarning: Columns (0,1,2,3,4,5,6) have mixed types. Specify dtype option on import or set low_memory=False.
  for x in pd.read_csv(z.open(z.namelist()[0]),header=None,names=["i","p","q","a","b","t","m"],chunksize=500000):
/home/runner/work/scalp_lab/scalp_lab/research_v456.py:13: DtypeWarning: Columns (0,1,2,3,4,5,6) have mixed types. Specify dtype option on import or set low_memory=False.
  for x in pd.read_csv(z.open(z.namelist()[0]),header=None,names=["i","p","q","a","b","t","m"],chunksize=500000):
/home/runner/work/scalp_lab/scalp_lab/research_v456.py:13: DtypeWarning: Columns (0,1,2,3,4,5,6) have mixed types. Specify dtype option on import or set low_memory=False.
  for x in pd.read_csv(z.open(z.namelist()[0]),header=None,names=["i","p","q","a","b","t","m"],chunksize=500000):
/home/runner/work/scalp_lab/scalp_lab/research_v456.py:13: DtypeWarning: Columns (0,1,2,3,4,5,6) have mixed types. Specify dtype option on import or set low_memory=False.
  for x in pd.read_csv(z.open(z.namelist()[0]),header=None,names=["i","p","q","a","b","t","m"],chunksize=500000):
MISS SOLUSDT-aggTrades-2026-10-03.zip HTTPError
 spread  train_total  train_trades  train_mean  test_total  test_trades  test_mean  holdout_total  holdout_trades  holdout_mean
  0.001    -0.939743           449   -0.002093    0.176465          167   0.001057      -0.025380              56     -0.000453
  0.002    -0.054792           421   -0.000130    0.128795          157   0.000820       0.002934              53      0.000055
  0.003    -0.458317           382   -0.001200    0.200595          140   0.001433       0.112070              48      0.002335
  0.005    -0.902225           322   -0.002802   -0.227863          108  -0.002110       0.071831              38      0.001890 
SELECTED 0.002
