/home/runner/work/scalp_lab/scalp_lab/research_v458.py:13: DtypeWarning: Columns (0,1,2,3,4,5,6) have mixed types. Specify dtype option on import or set low_memory=False.
  for x in pd.read_csv(z.open(z.namelist()[0]),header=None,names=["i","p","q","a","b","t","m"],chunksize=500000):
/home/runner/work/scalp_lab/scalp_lab/research_v458.py:13: DtypeWarning: Columns (0,1,2,3,4,5,6) have mixed types. Specify dtype option on import or set low_memory=False.
  for x in pd.read_csv(z.open(z.namelist()[0]),header=None,names=["i","p","q","a","b","t","m"],chunksize=500000):
/home/runner/work/scalp_lab/scalp_lab/research_v458.py:13: DtypeWarning: Columns (0,1,2,3,4,5,6) have mixed types. Specify dtype option on import or set low_memory=False.
  for x in pd.read_csv(z.open(z.namelist()[0]),header=None,names=["i","p","q","a","b","t","m"],chunksize=500000):
/home/runner/work/scalp_lab/scalp_lab/research_v458.py:13: DtypeWarning: Columns (0,1,2,3,4,5,6) have mixed types. Specify dtype option on import or set low_memory=False.
  for x in pd.read_csv(z.open(z.namelist()[0]),header=None,names=["i","p","q","a","b","t","m"],chunksize=500000):
/home/runner/work/scalp_lab/scalp_lab/research_v458.py:13: DtypeWarning: Columns (0,1,2,3,4,5,6) have mixed types. Specify dtype option on import or set low_memory=False.
  for x in pd.read_csv(z.open(z.namelist()[0]),header=None,names=["i","p","q","a","b","t","m"],chunksize=500000):
/home/runner/work/scalp_lab/scalp_lab/research_v458.py:13: DtypeWarning: Columns (0,1,2,3,4,5,6) have mixed types. Specify dtype option on import or set low_memory=False.
  for x in pd.read_csv(z.open(z.namelist()[0]),header=None,names=["i","p","q","a","b","t","m"],chunksize=500000):
/home/runner/work/scalp_lab/scalp_lab/research_v458.py:13: DtypeWarning: Columns (0,1,2,3,4,5,6) have mixed types. Specify dtype option on import or set low_memory=False.
  for x in pd.read_csv(z.open(z.namelist()[0]),header=None,names=["i","p","q","a","b","t","m"],chunksize=500000):
/home/runner/work/scalp_lab/scalp_lab/research_v458.py:13: DtypeWarning: Columns (0,1,2,3,4,5,6) have mixed types. Specify dtype option on import or set low_memory=False.
  for x in pd.read_csv(z.open(z.namelist()[0]),header=None,names=["i","p","q","a","b","t","m"],chunksize=500000):
/home/runner/work/scalp_lab/scalp_lab/research_v458.py:13: DtypeWarning: Columns (0,1,2,3,4,5,6) have mixed types. Specify dtype option on import or set low_memory=False.
  for x in pd.read_csv(z.open(z.namelist()[0]),header=None,names=["i","p","q","a","b","t","m"],chunksize=500000):
/home/runner/work/scalp_lab/scalp_lab/research_v458.py:13: DtypeWarning: Columns (0,1,2,3,4,5,6) have mixed types. Specify dtype option on import or set low_memory=False.
  for x in pd.read_csv(z.open(z.namelist()[0]),header=None,names=["i","p","q","a","b","t","m"],chunksize=500000):
/home/runner/work/scalp_lab/scalp_lab/research_v458.py:13: DtypeWarning: Columns (0,1,2,3,4,5,6) have mixed types. Specify dtype option on import or set low_memory=False.
  for x in pd.read_csv(z.open(z.namelist()[0]),header=None,names=["i","p","q","a","b","t","m"],chunksize=500000):
/home/runner/work/scalp_lab/scalp_lab/research_v458.py:13: DtypeWarning: Columns (0,1,2,3,4,5,6) have mixed types. Specify dtype option on import or set low_memory=False.
  for x in pd.read_csv(z.open(z.namelist()[0]),header=None,names=["i","p","q","a","b","t","m"],chunksize=500000):
  month  selected_z  oos_total  trades
2026-01         3.0  -0.111485      20
2026-02         3.0   0.048883      12
2026-03         3.0   0.004684      15
2026-04         3.0  -0.104999      19
2026-05         3.0  -0.041840      13
2026-06         3.0   0.002375      10
2026-07         2.5  -0.032712      30
2026-08         2.5  -0.024254      29
2026-09         2.5  -0.051626      27 
TOTAL -0.3109743875843909
