           pair   month  selected_z  oos_total  trades
BTCUSDT/ETHUSDT 2026-01         1.5  -0.031794      22
BTCUSDT/ETHUSDT 2026-02         1.5   0.000951      19
BTCUSDT/ETHUSDT 2026-03         2.5  -0.040554       7
BTCUSDT/ETHUSDT 2026-04         2.5  -0.028278       5
BTCUSDT/ETHUSDT 2026-05         2.0  -0.041967      18
BTCUSDT/ETHUSDT 2026-06         2.5  -0.026011       8
BTCUSDT/ETHUSDT 2026-07         2.0  -0.059330      14
BTCUSDT/ETHUSDT 2026-08         2.5  -0.062528       6
BTCUSDT/ETHUSDT 2026-09         2.5  -0.009019       7
ETHUSDT/SOLUSDT 2026-01         2.5  -0.002900       9
ETHUSDT/SOLUSDT 2026-02         2.5   0.002756       5
ETHUSDT/SOLUSDT 2026-03         2.5  -0.040519       8
ETHUSDT/SOLUSDT 2026-04         2.0  -0.033267      13
ETHUSDT/SOLUSDT 2026-05         2.5  -0.052484       5
ETHUSDT/SOLUSDT 2026-06         2.5  -0.037209       6
ETHUSDT/SOLUSDT 2026-07         2.5  -0.027598       7
ETHUSDT/SOLUSDT 2026-08         2.5   0.035137       9
ETHUSDT/SOLUSDT 2026-09         2.5  -0.049995       8 
BY_PAIR pair
BTCUSDT/ETHUSDT   -0.298529
ETHUSDT/SOLUSDT   -0.206078
Name: oos_total, dtype: float64 
TOTAL -0.5046068275034813
