 symbol   month  oos_total  trades
BTCUSDT 2026-01  -0.079433      28
BTCUSDT 2026-02   0.066336      27
BTCUSDT 2026-03   0.086898      30
BTCUSDT 2026-04  -0.051204      30
BTCUSDT 2026-05  -0.123648      29
BTCUSDT 2026-06  -0.082111      29
BTCUSDT 2026-07  -0.009854      30
BTCUSDT 2026-08  -0.152305      31
BTCUSDT 2026-09   0.036382      29
ETHUSDT 2026-01   0.067887      28
ETHUSDT 2026-02   0.051552      26
ETHUSDT 2026-03   0.114547      30
ETHUSDT 2026-04  -0.150836      28
ETHUSDT 2026-05  -0.096474      28
ETHUSDT 2026-06  -0.037610      28
ETHUSDT 2026-07   0.025110      29
ETHUSDT 2026-08   0.037946      31
ETHUSDT 2026-09   0.093759      28
SOLUSDT 2026-01   0.052789      30
SOLUSDT 2026-02   0.197032      27
SOLUSDT 2026-03  -0.087422      31
SOLUSDT 2026-04  -0.077900      30
SOLUSDT 2026-05  -0.152108      29
SOLUSDT 2026-06  -0.065353      29
SOLUSDT 2026-07  -0.095033      29
SOLUSDT 2026-08  -0.036592      31
SOLUSDT 2026-09  -0.075339      29 
TOTAL -0.5429832625993941
