 symbol   month  selected_range_h  oos_total  trades
BTCUSDT 2026-01                 2  -0.073094      28
BTCUSDT 2026-02                 2  -0.040423      27
BTCUSDT 2026-03                 6  -0.093865      26
BTCUSDT 2026-04                 4  -0.030865      29
BTCUSDT 2026-05                 4  -0.074380      27
BTCUSDT 2026-06                 4  -0.090438      28
BTCUSDT 2026-07                 4   0.000965      27
BTCUSDT 2026-08                 4  -0.166565      30
BTCUSDT 2026-09                 6   0.074309      24
ETHUSDT 2026-01                 2  -0.014032      25
ETHUSDT 2026-02                 4   0.126226      25
ETHUSDT 2026-03                 6   0.023182      23
ETHUSDT 2026-04                 4  -0.151815      26
ETHUSDT 2026-05                 6  -0.154720      24
ETHUSDT 2026-06                 6  -0.004609      23
ETHUSDT 2026-07                 6  -0.003781      22
ETHUSDT 2026-08                 4   0.030888      26
ETHUSDT 2026-09                 6   0.042752      26
SOLUSDT 2026-01                 4   0.120361      26
SOLUSDT 2026-02                 4   0.278276      26
SOLUSDT 2026-03                 4  -0.048301      27
SOLUSDT 2026-04                 4  -0.078342      28
SOLUSDT 2026-05                 4  -0.142433      26
SOLUSDT 2026-06                 4  -0.119383      28
SOLUSDT 2026-07                 6  -0.091975      22
SOLUSDT 2026-08                 6   0.036198      24
SOLUSDT 2026-09                 6   0.029494      27 
TOTAL -0.6163698137603986
