 symbol   month  oos_total  trades
BTCUSDT 2026-01  -0.038959      16
BTCUSDT 2026-02  -0.030752      13
BTCUSDT 2026-03  -0.054515      16
BTCUSDT 2026-04   0.010970      14
BTCUSDT 2026-05  -0.089188      17
BTCUSDT 2026-06  -0.036778      14
BTCUSDT 2026-07  -0.021515      19
BTCUSDT 2026-08  -0.015218      20
BTCUSDT 2026-09   0.029099      11
ETHUSDT 2026-01   0.144751      12
ETHUSDT 2026-02   0.034830      12
ETHUSDT 2026-03  -0.030237      17
ETHUSDT 2026-04  -0.138561      14
ETHUSDT 2026-05  -0.061073      12
ETHUSDT 2026-06   0.067776      13
ETHUSDT 2026-07   0.049019      15
ETHUSDT 2026-08   0.065837      15
ETHUSDT 2026-09  -0.047698      16
SOLUSDT 2026-01   0.129537      14
SOLUSDT 2026-02   0.225573      17
SOLUSDT 2026-03  -0.043032      17
SOLUSDT 2026-04  -0.125716      14
SOLUSDT 2026-05  -0.007123      13
SOLUSDT 2026-06  -0.015359      21
SOLUSDT 2026-07  -0.078470      17
SOLUSDT 2026-08  -0.047007      17
SOLUSDT 2026-09  -0.054112      14 
TOTAL -0.17792267594948816
