 symbol   month  selected_hold_h  oos_total  trades
BTCUSDT 2026-01               12   0.024334      13
BTCUSDT 2026-02               12   0.042451      11
BTCUSDT 2026-03               12  -0.049662      10
BTCUSDT 2026-04               12  -0.056064      13
BTCUSDT 2026-05                4  -0.066803      18
BTCUSDT 2026-06                4  -0.029426      15
BTCUSDT 2026-07                4  -0.023074      20
BTCUSDT 2026-08               12  -0.052226       9
BTCUSDT 2026-09               12  -0.017273       9
ETHUSDT 2026-01               12   0.209348      10
ETHUSDT 2026-02               12  -0.021659      10
ETHUSDT 2026-03               12   0.047843      12
ETHUSDT 2026-04               12  -0.238045      13
ETHUSDT 2026-05                4  -0.056990      16
ETHUSDT 2026-06                4   0.019366      13
ETHUSDT 2026-07                4   0.053214      17
ETHUSDT 2026-08                8   0.065837      15
ETHUSDT 2026-09               12  -0.022336      15
SOLUSDT 2026-01               12   0.184616      10
SOLUSDT 2026-02               12  -0.036178      14
SOLUSDT 2026-03                8  -0.043032      17
SOLUSDT 2026-04                8  -0.125716      14
SOLUSDT 2026-05                8  -0.007123      13
SOLUSDT 2026-06               12   0.150912      16
SOLUSDT 2026-07               12  -0.122196      14
SOLUSDT 2026-08               12   0.132696      13
SOLUSDT 2026-09               12   0.007164      10 
TOTAL -0.03002186669994783
