 symbol   month  hold_h  oos_total  trades
BTCUSDT 2026-01       4  -0.039734      17
BTCUSDT 2026-02      12   0.051251      11
BTCUSDT 2026-03      12  -0.041662      10
BTCUSDT 2026-04      12  -0.045664      13
BTCUSDT 2026-05       4  -0.052403      18
BTCUSDT 2026-06       4  -0.017426      15
BTCUSDT 2026-07       4  -0.007074      20
BTCUSDT 2026-08      12  -0.045026       9
BTCUSDT 2026-09       8   0.037899      11
ETHUSDT 2026-01      12   0.216348      10
ETHUSDT 2026-02      12  -0.014659      10
ETHUSDT 2026-03      12   0.056243      12
ETHUSDT 2026-04      12  -0.228945      13
ETHUSDT 2026-05       4  -0.045790      16
ETHUSDT 2026-06       4   0.028466      13
ETHUSDT 2026-07       4   0.065114      17
ETHUSDT 2026-08       8   0.076337      15
ETHUSDT 2026-09      12  -0.011836      15
SOLUSDT 2026-01      12   0.188616      10
SOLUSDT 2026-02      12  -0.030578      14
SOLUSDT 2026-03       8  -0.036232      17
SOLUSDT 2026-04       8  -0.120116      14
SOLUSDT 2026-05       8  -0.001923      13
SOLUSDT 2026-06       4   0.000199      21
SOLUSDT 2026-07       4  -0.099611      19
SOLUSDT 2026-08      12   0.137896      13
SOLUSDT 2026-09      12   0.011164      10 
TOTAL 0.030854865156000118
