 symbol   month  oos_total  trades
BTCUSDT 2026-01  -0.148406      52
BTCUSDT 2026-02  -0.007849      44
BTCUSDT 2026-03  -0.191212      49
BTCUSDT 2026-04  -0.051213      52
BTCUSDT 2026-05  -0.126197      53
BTCUSDT 2026-06  -0.131563      49
BTCUSDT 2026-07  -0.074461      53
BTCUSDT 2026-08  -0.013628      50
BTCUSDT 2026-09  -0.061738      46
ETHUSDT 2026-01   0.019698      53
ETHUSDT 2026-02  -0.042126      48
ETHUSDT 2026-03  -0.225100      51
ETHUSDT 2026-04  -0.023463      51
ETHUSDT 2026-05  -0.151216      53
ETHUSDT 2026-06  -0.100653      53
ETHUSDT 2026-07   0.068877      55
ETHUSDT 2026-08  -0.114480      51
ETHUSDT 2026-09   0.046929      46
SOLUSDT 2026-01  -0.039379      51
SOLUSDT 2026-02  -0.041935      44
SOLUSDT 2026-03  -0.221336      43
SOLUSDT 2026-04  -0.090368      50
SOLUSDT 2026-05  -0.077934      47
SOLUSDT 2026-06  -0.120386      49
SOLUSDT 2026-07  -0.102351      52
SOLUSDT 2026-08   0.028701      49
SOLUSDT 2026-09   0.109604      46 
TOTAL -1.8831851080357083
