 symbol   month  oos_total  trades
BTCUSDT 2026-01  -0.088199      31
BTCUSDT 2026-02  -0.145529      32
BTCUSDT 2026-03  -0.069397      38
BTCUSDT 2026-04   0.049327      29
BTCUSDT 2026-05  -0.122361      32
BTCUSDT 2026-06  -0.189955      30
BTCUSDT 2026-07  -0.099927      31
BTCUSDT 2026-08  -0.029886      32
BTCUSDT 2026-09  -0.020012      35
ETHUSDT 2026-01   0.107639      32
ETHUSDT 2026-02  -0.190163      31
ETHUSDT 2026-03  -0.048974      33
ETHUSDT 2026-04  -0.042182      31
ETHUSDT 2026-05  -0.114025      32
ETHUSDT 2026-06  -0.102948      30
ETHUSDT 2026-07  -0.043952      37
ETHUSDT 2026-08  -0.091312      28
ETHUSDT 2026-09  -0.125083      33
SOLUSDT 2026-01  -0.091482      35
SOLUSDT 2026-02  -0.050009      28
SOLUSDT 2026-03  -0.064706      31
SOLUSDT 2026-04  -0.171108      29
SOLUSDT 2026-05  -0.091284      35
SOLUSDT 2026-06  -0.250404      33
SOLUSDT 2026-07  -0.048144      35
SOLUSDT 2026-08  -0.094454      32
SOLUSDT 2026-09  -0.086495      30 
TOTAL -2.315023121009026
