 symbol   month  oos_total  trades
BTCUSDT 2026-01   0.018907       9
BTCUSDT 2026-02  -0.074412      13
BTCUSDT 2026-03   0.046900       8
BTCUSDT 2026-04  -0.033173       7
BTCUSDT 2026-05  -0.009266      10
BTCUSDT 2026-06  -0.000639      11
BTCUSDT 2026-07  -0.033509       7
BTCUSDT 2026-08  -0.000553       9
BTCUSDT 2026-09  -0.003151       6
ETHUSDT 2026-01  -0.014059       7
ETHUSDT 2026-02  -0.064756      10
ETHUSDT 2026-03   0.022792       7
ETHUSDT 2026-04  -0.012345       7
ETHUSDT 2026-05  -0.009566      11
ETHUSDT 2026-06  -0.015862       8
ETHUSDT 2026-07  -0.034627       8
ETHUSDT 2026-08  -0.030090       7
ETHUSDT 2026-09   0.041227       7
SOLUSDT 2026-01   0.042016       7
SOLUSDT 2026-02   0.048681      11
SOLUSDT 2026-03   0.054420       9
SOLUSDT 2026-04  -0.019719       8
SOLUSDT 2026-05  -0.034151       8
SOLUSDT 2026-06  -0.102634      13
SOLUSDT 2026-07  -0.013514       6
SOLUSDT 2026-08  -0.020229       6
SOLUSDT 2026-09  -0.002544       4 
TOTAL -0.25385696199988933
