 symbol   month  oos_total  trades
BTCUSDT 2026-01   0.023827       7
BTCUSDT 2026-02  -0.088021      12
BTCUSDT 2026-03   0.041789       7
BTCUSDT 2026-04  -0.027128       6
BTCUSDT 2026-05  -0.012286       8
BTCUSDT 2026-06  -0.007388       7
BTCUSDT 2026-07   0.000067       2
BTCUSDT 2026-08  -0.012915       7
BTCUSDT 2026-09   0.000736       4
ETHUSDT 2026-01  -0.008193       4
ETHUSDT 2026-02  -0.038908      10
ETHUSDT 2026-03   0.017502       6
ETHUSDT 2026-04  -0.009376       6
ETHUSDT 2026-05  -0.017366      10
ETHUSDT 2026-06  -0.018327       6
ETHUSDT 2026-07  -0.021189       7
ETHUSDT 2026-08   0.002370       5
ETHUSDT 2026-09   0.003963       6
SOLUSDT 2026-01   0.025199       5
SOLUSDT 2026-02   0.010248       9
SOLUSDT 2026-03   0.033166       5
SOLUSDT 2026-04  -0.023168       7
SOLUSDT 2026-05  -0.012547       6
SOLUSDT 2026-06  -0.064914      10
SOLUSDT 2026-07  -0.008715       5
SOLUSDT 2026-08  -0.011111       3
SOLUSDT 2026-09   0.008129       2 
TOTAL -0.21455550319136024
