 symbol   month  oos_total  trades
BTCUSDT 2026-01   0.007383      12
BTCUSDT 2026-02   0.022522       7
BTCUSDT 2026-03   0.033331       7
BTCUSDT 2026-04  -0.026429       9
BTCUSDT 2026-05   0.021084      14
BTCUSDT 2026-06  -0.027083       7
BTCUSDT 2026-07  -0.016460       9
BTCUSDT 2026-08  -0.032732      12
BTCUSDT 2026-09   0.010870      12
ETHUSDT 2026-01  -0.095115      11
ETHUSDT 2026-02   0.023962       6
ETHUSDT 2026-03   0.023542      11
ETHUSDT 2026-04  -0.025005      13
ETHUSDT 2026-05   0.013707      16
ETHUSDT 2026-06   0.007758      10
ETHUSDT 2026-07  -0.008326      10
ETHUSDT 2026-08  -0.001039      10
ETHUSDT 2026-09   0.005773       9
SOLUSDT 2026-01  -0.082725      11
SOLUSDT 2026-02   0.003898       3
SOLUSDT 2026-03   0.012088       7
SOLUSDT 2026-04  -0.044478       8
SOLUSDT 2026-05   0.024222      13
SOLUSDT 2026-06   0.024888       7
SOLUSDT 2026-07   0.012147       9
SOLUSDT 2026-08  -0.047201      12
SOLUSDT 2026-09   0.005308      12 
TOTAL -0.1541106192737706
