 symbol  cost_mult       net  trades
BTCUSDT       1.00  0.013018      16
BTCUSDT       1.25  0.008218      16
BTCUSDT       1.50  0.003418      16
BTCUSDT       2.00 -0.006182      16
ETHUSDT       1.00  0.014518      14
ETHUSDT       1.25  0.009968      14
ETHUSDT       1.50  0.005418      14
ETHUSDT       2.00 -0.003682      14
SOLUSDT       1.00 -0.016125      16
SOLUSDT       1.25 -0.022525      16
SOLUSDT       1.50 -0.028925      16
SOLUSDT       2.00 -0.041725      16 
 cost_mult
1.00    0.01141
1.25   -0.00434
1.50   -0.02009
2.00   -0.05159
Name: net, dtype: float64 
MC P>0 0.5704 P05 -0.09749995518505342 MED 0.011642428103801169
