 symbol   month  oos_total  trades
BTCUSDT 2026-01   0.016983      12
BTCUSDT 2026-02   0.028122       7
BTCUSDT 2026-03   0.038931       7
BTCUSDT 2026-04  -0.019229       9
BTCUSDT 2026-05   0.032284      14
BTCUSDT 2026-06  -0.021483       7
BTCUSDT 2026-07  -0.009260       9
BTCUSDT 2026-08  -0.023132      12
BTCUSDT 2026-09   0.020470      12
ETHUSDT 2026-01  -0.087415      11
ETHUSDT 2026-02   0.028162       6
ETHUSDT 2026-03   0.031242      11
ETHUSDT 2026-04  -0.015905      13
ETHUSDT 2026-05   0.024907      16
ETHUSDT 2026-06   0.014758      10
ETHUSDT 2026-07  -0.001326      10
ETHUSDT 2026-08   0.005961      10
ETHUSDT 2026-09   0.012073       9
SOLUSDT 2026-01  -0.078325      11
SOLUSDT 2026-02   0.005098       3
SOLUSDT 2026-03   0.014888       7
SOLUSDT 2026-04  -0.041278       8
SOLUSDT 2026-05   0.029422      13
SOLUSDT 2026-06   0.027688       7
SOLUSDT 2026-07   0.015747       9
SOLUSDT 2026-08  -0.042401      12
SOLUSDT 2026-09   0.010108      12 
TOTAL 0.01708938072622965
